C:\Users\24153798\Documents\tarde>git clone https://github.com/enzorodrigues00/versionamento
Cloning into 'versionamento'...
remote: Enumerating objects: 3, done.
remote: Counting objects: 100% (3/3), done.
remote: Compressing objects: 100% (3/3), done.
remote: Total 3 (delta 0), reused 3 (delta 0), pack-reused 0
Receiving objects: 100% (3/3), 90.00 KiB | 2.81 MiB/s, done.


novo:
Untracked files:
  (use "git add <file>..." to include in what will be committed)
        comando da tarde.txt.txt

nothing added to commit but untracked files present (use "git add" to track)

C:\Users\24153798\Documents\tarde\versionamento>git add .

C:\Users\24153798\Documents\tarde\versionamento>git status
On branch main
Your branch is up to date with 'origin/main'.

Changes to be committed:
  (use "git restore --staged <file>..." to unstage)
        new file:   comando da tarde.txt.txt